// Jest Snapshot v1, https://goo.gl/fbAQLP

exports[`H1 should render 1`] = `
<Text
  accessible={true}
  allowFontScaling={true}
  ellipsizeMode="tail"
  id="hello"
  style={
    Array [
      Object {
        "fontSize": 64,
      },
      undefined,
    ]
  }
>
  <Text
    accessible={true}
    allowFontScaling={true}
    ellipsizeMode="tail"
  >
     Hello world! 
  </Text>
</Text>
`;
