// Jest Snapshot v1, https://goo.gl/fbAQLP

exports[`LoginPage should render 1`] = `
<BVLinearGradient
  colors={
    Array [
      4278243839,
      4278218239,
    ]
  }
  endPoint={undefined}
  locations={null}
  startPoint={undefined}
  style={
    Object {
      "flex": 1,
    }
  }
>
  <View
    style={
      Object {
        "flex": 2,
      }
    }
  >
    <View
      style={
        Object {
          "alignItems": "center",
          "flex": 1,
          "justifyContent": "center",
        }
      }
    >
      <Text
        accessible={true}
        allowFontScaling={true}
        ellipsizeMode="tail"
        style={
          Array [
            Object {
              "fontSize": 64,
            },
            undefined,
          ]
        }
      >
        <Text
          accessible={true}
          allowFontScaling={true}
          description="Title for the App"
          ellipsizeMode="tail"
          style={
            Object {
              "color": "#FFFFFF",
              "elevation": 1,
              "fontFamily": "NunitoSans-ExtraBold",
            }
          }
        >
          harbor
        </Text>
      </Text>
      <Text
        accessible={true}
        allowFontScaling={true}
        description="Sub title for the App"
        ellipsizeMode="tail"
        style={
          Object {
            "color": "#FFFFFF",
            "fontFamily": "NunitoSans-Regular",
            "fontSize": 14,
          }
        }
      >
        Painless release cycles for Mobile apps
      </Text>
    </View>
  </View>
  <View
    style={
      Object {
        "flex": 3,
      }
    }
  >
    <View
      style={
        Object {
          "flex": 1,
        }
      }
    >
      <Text
        accessible={true}
        allowFontScaling={true}
        description="Title for the login section"
        ellipsizeMode="tail"
        style={
          Object {
            "alignSelf": "center",
            "color": "#FFFFFF",
            "fontFamily": "NunitoSans-Regular",
            "fontSize": 18,
          }
        }
      >
        Sign In to get started
      </Text>
      <View
        disabled={false}
        onLongPress={[Function]}
        onPress={[Function]}
        style={
          Array [
            Object {
              "shadowColor": "rgba(0,0,0, .4)",
              "shadowOffset": Object {
                "height": 1,
                "width": 1,
              },
              "shadowOpacity": 1,
              "shadowRadius": 1,
            },
            Object {
              "alignItems": "center",
              "borderRadius": 30,
              "flexDirection": "row",
              "justifyContent": "center",
              "margin": 7,
            },
            Object {
              "paddingBottom": 14,
              "paddingTop": 14,
            },
            false,
            false,
            Object {
              "backgroundColor": "#dd4b39",
            },
            undefined,
            undefined,
          ]
        }
        underlayColor="#dd4b39"
      >
        <View
          style={
            Object {
              "alignItems": "center",
              "flexDirection": "row",
              "justifyContent": "center",
            }
          }
        >
          <Text
            accessible={true}
            allowFontScaling={false}
            ellipsizeMode="tail"
            style={
              Array [
                Object {
                  "color": "white",
                  "fontSize": 24,
                },
                Array [
                  undefined,
                ],
                Object {
                  "fontFamily": "FontAwesome",
                  "fontStyle": "normal",
                  "fontWeight": "normal",
                },
              ]
            }
          >
            
          </Text>
          <Text
            accessible={true}
            allowFontScaling={true}
            ellipsizeMode="tail"
            style={
              Array [
                Object {},
                undefined,
                undefined,
                undefined,
                undefined,
                undefined,
                undefined,
                undefined,
                undefined,
                undefined,
                Array [
                  Object {
                    "color": "white",
                    "fontWeight": "bold",
                    "marginLeft": 15,
                  },
                  undefined,
                  undefined,
                  undefined,
                  undefined,
                ],
              ]
            }
          >
            Sign In with Google
          </Text>
        </View>
      </View>
    </View>
  </View>
</BVLinearGradient>
`;
