// Jest Snapshot v1, https://goo.gl/fbAQLP

exports[`LoginPage should render 1`] = `
<BVLinearGradient
  colors={
    Array [
      4278243839,
      4278218239,
    ]
  }
  endPoint={undefined}
  locations={null}
  startPoint={undefined}
  style={
    Object {
      "flex": 1,
    }
  }
>
  <View
    style={
      Object {
        "flex": 2,
      }
    }
  >
    <View
      style={
        Object {
          "alignItems": "center",
          "flex": 1,
          "justifyContent": "center",
        }
      }
    >
      <Text
        accessible={true}
        allowFontScaling={true}
        ellipsizeMode="tail"
        style={
          Array [
            Object {
              "fontSize": 64,
            },
            undefined,
          ]
        }
      >
        <Text
          accessible={true}
          allowFontScaling={true}
          description="Title for the App"
          ellipsizeMode="tail"
          style={
            Object {
              "color": "#FFFFFF",
              "elevation": 1,
              "fontFamily": "NunitoSans-ExtraBold",
            }
          }
        >
          harbor
        </Text>
      </Text>
      <Text
        accessible={true}
        allowFontScaling={true}
        description="Sub title for the App"
        ellipsizeMode="tail"
        style={
          Object {
            "color": "#FFFFFF",
            "fontFamily": "NunitoSans-Regular",
            "fontSize": 14,
          }
        }
      >
        Painless release cycles for Mobile apps
      </Text>
    </View>
  </View>
  <View
    style={
      Object {
        "flex": 1,
      }
    }
  >
    <View
      style={
        Object {
          "flex": 1,
          "flexDirection": "column",
          "justifyContent": "space-between",
          "marginBottom": 35,
          "marginLeft": 35,
          "marginRight": 35,
        }
      }
    >
      <View
        accessibilityComponentType={undefined}
        accessibilityLabel={undefined}
        accessibilityTraits={undefined}
        accessible={true}
        hasTVPreferredFocus={undefined}
        hitSlop={undefined}
        isTVSelectable={true}
        nativeID={undefined}
        onLayout={undefined}
        onResponderGrant={[Function]}
        onResponderMove={[Function]}
        onResponderRelease={[Function]}
        onResponderTerminate={[Function]}
        onResponderTerminationRequest={[Function]}
        onStartShouldSetResponder={[Function]}
        style={
          Object {
            "backgroundColor": "white",
            "flex": 1,
            "padding": 20,
            "width": "100%",
          }
        }
        testID={undefined}
        tvParallaxProperties={undefined}
      >
        <Text
          accessible={true}
          allowFontScaling={true}
          ellipsizeMode="tail"
          style={null}
        >
           Login with Google 
        </Text>
      </View>
      <View
        style={
          Object {
            "flex": 1,
          }
        }
      >
        <View
          style={
            Object {
              "alignItems": "center",
              "flex": 1,
              "flexDirection": "row",
              "justifyContent": "center",
              "marginHorizontal": 8,
            }
          }
        >
          <View
            style={
              Object {
                "backgroundColor": "rgba(255, 255, 255, 0.3)",
                "flex": 1,
                "height": 1,
              }
            }
          />
          <View>
            <Text
              accessible={true}
              allowFontScaling={true}
              description="Separator text for the login options"
              ellipsizeMode="tail"
              style={
                Array [
                  Object {
                    "flex": 1,
                    "marginLeft": 15,
                    "marginRight": 15,
                    "marginTop": 5,
                    "textAlign": "center",
                  },
                  Object {
                    "color": "#00D1FF",
                  },
                ]
              }
            >
              or
            </Text>
          </View>
          <View
            style={
              Object {
                "backgroundColor": "rgba(255, 255, 255, 0.3)",
                "flex": 1,
                "height": 1,
              }
            }
          />
        </View>
      </View>
      <View
        accessibilityComponentType={undefined}
        accessibilityLabel={undefined}
        accessibilityTraits={undefined}
        accessible={true}
        hasTVPreferredFocus={undefined}
        hitSlop={undefined}
        isTVSelectable={true}
        nativeID={undefined}
        onLayout={undefined}
        onResponderGrant={[Function]}
        onResponderMove={[Function]}
        onResponderRelease={[Function]}
        onResponderTerminate={[Function]}
        onResponderTerminationRequest={[Function]}
        onStartShouldSetResponder={[Function]}
        style={
          Object {
            "backgroundColor": "white",
            "flex": 1,
            "padding": 20,
            "width": "100%",
          }
        }
        testID={undefined}
        tvParallaxProperties={undefined}
      >
        <Text
          accessible={true}
          allowFontScaling={true}
          ellipsizeMode="tail"
          style={null}
        >
           Login with Github 
        </Text>
      </View>
    </View>
  </View>
</BVLinearGradient>
`;
